// Jest Snapshot v1, https://goo.gl/fbAQLP

exports[`Loader starts empty 1`] = `
<span>
  
</span>
`;
