// Jest Snapshot v1, https://goo.gl/fbAQLP

exports[`Test render 1`] = `
<li
  className="Page"
>
  <h5
    onClick={[Function]}
  >
    Test Title
  </h5>
</li>
`;
