// Jest Snapshot v1, https://goo.gl/fbAQLP

exports[`Test render 1`] = `
<li
  className="Project"
>
  
  <h4
    onClick={[Function]}
  >
    My Fun Project
     
    
  </h4>
  
</li>
`;
